jshell> class Animal {
   ...> }
|  created class Animal

jshell> class Pet {
   ...> }
|  created class Pet
jshell> class Dog extends Animal, Pet {
   ...> }
|  Error:
|  '{' expected
|  class Dog extends Animal, Pet {
|                          ^
jshell> class Animal {
   ...> }
|  modified class Animal

jshell> class Pet extends Animal {
   ...>      public void groom() {
   ...>         System.out.println("Groom");
   ...>      }
   ...> }
|  replaced class Pet
