jshell> "Test".length()
$1 ==> 4

jshell> String str = "Test"
str ==> "Test"

jshell> BigDecimal bd = new BigDecimal("1.0");
bd ==> 1.0

jshell> String str = new String("Test")
str ==> "Test"

jshell> String str = "Test"
str ==> "Test"

jshell> str.charAt(0)
$6 ==> 'T'

jshell> str.charAt(2)
$7 ==> 's'

jshell> str.charAt(3)
$8 ==> 't'

jshell> String biggerString = "This is a lot of text"
biggerString ==> "This is a lot of text"

jshell> biggerString.substring(5)
$11 ==> "is a lot of text"

jshell> biggerString.substring(5,13)
$12 ==> "is a lot"

jshell> str.charAt(13)
|  java.lang.StringIndexOutOfBoundsException thrown: String index out of range: 13
|        at StringLatin1.charAt (StringLatin1.java:44)
|        at String.charAt (String.java:704)
|        at (#13:1)

jshell> biggerString.charAt(13)
$14 ==> ' '

jshell> biggerString.charAt(456)
|  java.lang.StringIndexOutOfBoundsException thrown: String index out of range: 456
|        at StringLatin1.charAt (StringLatin1.java:44)
|        at String.charAt (String.java:704)
|        at (#15:1)

jshell> String someString = "This is a lot of text again"
someString ==> "This is a lot of text again"

jshell> clear()
|  Error:
|  cannot find symbol
|    symbol:   method clear()
|  clear()
|  ^---^

jshell> void clear() { System.out.print("\033[H\033[2J ");}
|  created method clear()

jshell> clear()

jshell> String someString = "This is a lot of text again"
someString ==> "This is a lot of text again"

jshell> someString.length()
$20 ==> 27

jshell> someString.charAt(5)
$21 ==> 'i'

jshell> for(int i= 0; i<someString.length(); i++) {
   ...>     System.out.println(someString.charAt(i));
   ...> }
T
h
i
s
 
i
s
 
a
 
l
o
t
 
o
f
 
t
e
x
t
 
a
g
a
i
n

jshell> clear()

 
jshell> String someString = "This is a lot of text again"
someString ==> "This is a lot of text again"

jshell> someString.indexOf("lot")
$25 ==> 10

jshell> someString.charAt(10)
$26 ==> 'l'

jshell> someString.charAt('i')
|  java.lang.StringIndexOutOfBoundsException thrown: String index out of range: 105
|        at StringLatin1.charAt (StringLatin1.java:44)
|        at String.charAt (String.java:704)
|        at (#27:1)
jshell> someString.indexOf('i')
$28 ==> 2

jshell> someString.lastIndexOf('i')
$29 ==> 25

jshell> someString.contains("text")
$30 ==> true

jshell> String someString = "This is a lot of text again"
someString ==> "This is a lot of text again"

jshell> clear()

 
jshell> String someString = "This is a lot of text again"
someString ==> "This is a lot of text again"

jshell> someString.startsWith("This")
$34 ==> true

jshell> someString.startsWith("jfsdklfj")
$35 ==> false

jshell> someString.endsWith("jfsdklfj")
$36 ==> false

jshell> someString.endsWith("in")
$37 ==> true

jshell> someString.endsWith("ain")
$38 ==> true

jshell> someString.endsWith("again")
$39 ==> true

jshell> someString.endsWith("againfsda")
$40 ==> false
jshell> someString.empty()
|  Error:
|  cannot find symbol
|    symbol:   method empty()
|  someString.empty()
|  ^--------------^

jshell> someString.isEmpty()
$41 ==> false

jshell> "fjsadlkfj".isEmpty()
$42 ==> false

jshell> "".isEmpty()
$43 ==> true

jshell> "true".equals("true")
$44 ==> true

jshell> "value".equals("value")
$45 ==> true

jshell> Str str = "value"
|  Error:
|  cannot find symbol
|    symbol:   class Str
|  Str str = "value";
|  ^-^

jshell> String str = "value"
str ==> "value"
jshell> str.equals("value")
$47 ==> true

jshell> str.equals("VAlue")
$48 ==> false

jshell> str.equalsIgnoreCase("VAlue")
$49 ==> true

jshell> clear()

jshell> String str = "in28Minutes"
str ==> "in28Minutes"

jshell> str.concat("is awesome");
$52 ==> "in28Minutesis awesome"

jshell> str
str ==> "in28Minutes"

jshell> String anotherString = str.concat(" is awesome");
anotherString ==> "in28Minutes is awesome"

jshell> str
str ==> "in28Minutes"

jshell> anotherString
anotherString ==> "in28Minutes is awesome"

jshell> String string2 = anotherString.concat(".");
string2 ==> "in28Minutes is awesome."

jshell> str
str ==> "in28Minutes"

jshell> anotherString
anotherString ==> "in28Minutes is awesome"
