jshell> class Student {
   ...>    int year;
   ...>    String country;
   ...> }
|  created class Student

jshell> class Student {
   ...>      Student(int year, String country) {
   ...>          this.year = year;
   ...>          this.country = country;
   ...>      }
   ...>      int year;
   ...>      String country;
   ...> }
|  replaced class Student

jshell> List list = List.of(1,2,3,4,5,6,7,1,2);
list ==> [1, 2, 3, 4, 5, 6, 7, 1, 2]

jshell> list.
add(               addAll(            clear()            contains(          
containsAll(       equals(            forEach(           get(               
getClass()         hashCode()         indexOf(           isEmpty()          
iterator()         lastIndexOf(       listIterator(      notify()           
notifyAll()        parallelStream()   remove(            removeAll(         
removeIf(          replaceAll(        retainAll(         set(               
size()             sort(              spliterator()      stream()           
subList(           toArray(           toString()         wait(              

jshell> list.add(5)
|  Warning:
|  unchecked call to add(E) as a member of the raw type java.util.List
|  list.add(5)
|  ^---------^
|  java.lang.UnsupportedOperationException thrown: 
|        at ImmutableCollections.uoe (ImmutableCollections.java:71)
|        at ImmutableCollections$AbstractImmutableList.add (ImmutableCollections.java:77)
|        at (#4:1)

jshell> List list = List.(1,2,3,4,5,6,7,1,2);
of(   

<press tab again to see all possible completions>

jshell> List list = List
List                 ListIterator         ListResourceBundle   

jshell> List list = List.
of(   

<press tab again to see all possible completions>

jshell> List list = List.
class   of(     

jshell> List list = Mut
jshell> List list = Mutable
jshell> List list = MutableList
jshell> List list = MutableList.
jshell> List list = new ArrayList(List.of(1,2,3,4,5,6,7));
|  Warning:
|  unchecked call to ArrayList(java.util.Collection<? extends E>) as a member of the raw type java.util.ArrayList
|  List list = new ArrayList(List.of(1,2,3,4,5,6,7));
|              ^-----------------------------------^
list ==> [1, 2, 3, 4, 5, 6, 7]

jshell> List list = new ArrayList<Integer>(List.of(1,2,3,4,5,6,7));
list ==> [1, 2, 3, 4, 5, 6, 7]

jshell> list.add(8)
|  Warning:
|  unchecked call to add(E) as a member of the raw type java.util.List
|  list.add(8)
|  ^---------^
$7 ==> true

jshell> List<Integer> list = new ArrayList<Integer>(List.of(1,2,3,4,5,6,7));
list ==> [1, 2, 3, 4, 5, 6, 7]

jshell> list.add(5)
$9 ==> true

jshell> list
list ==> [1, 2, 3, 4, 5, 6, 7, 5]

jshell> list.remove(5)
$11 ==> 6

jshell> list
list ==> [1, 2, 3, 4, 5, 7, 5]
jshell> list.remove(5)
$11 ==> 6

jshell> list
list ==> [1, 2, 3, 4, 5, 7, 5]

jshell> list.remove
remove(      removeAll(   removeIf(    

jshell> list.
add(               addAll(            clear()            contains(          
containsAll(       equals(            forEach(           get(               
getClass()         hashCode()         indexOf(           isEmpty()          
iterator()         lastIndexOf(       listIterator(      notify()           
notifyAll()        parallelStream()   remove(            removeAll(         
removeIf(          replaceAll(        retainAll(         set(               
size()             sort(              spliterator()      stream()           
subList(           toArray(           toString()         wait(              

jshell> list.remove(
$11    $4     $7     $9     list   

Signatures:
boolean List<E extends Object>.remove(Object o)
E List<E extends Object>.remove(int index)

<press tab again to see documentation>

jshell> list.remove(
boolean List<E extends Object>.remove(Object o)
Removes the first occurrence of the specified element from this list, if it is
present (optional operation).If this list does not contain the element, it is
unchanged. More formally, removes the element with the lowest index i such that
Objects.equals(o, get(i)) (if such an element exists). Returns true if this list
contained the specified element (or equivalently, if this list changed as a result
of the call).

Parameters:
o - element to be removed from this list, if present

Returns:
true if this list contained the specified element
 
 Thrown Exceptions:
ClassCastException - if the type of the specified element is incompatible with this
                     list ( optional )
NullPointerException - if the specified element is null and this list does not

<press tab again to see next page>

jshell> list.remove(
                       permit null elements ( optional )
UnsupportedOperationException - if the remove operation is not supported by this
                                list

<press tab to see next documentation>

jshell> list.remove(
E List<E extends Object>.remove(int index)
Removes the element at the specified position in this list (optional
operation).Shifts any subsequent elements to the left (subtracts one from their
indices). Returns the element that was removed from the list.

Parameters:
index - the index of the element to be removed

Returns:
the element previously at the specified position

Thrown Exceptions:
UnsupportedOperationException - if the remove operation is not supported by this
                                list
IndexOutOfBoundsException - if the index is out of range ( index < 0 || index >=
                            size() )

<press tab again to see all possible completions; total possible completions: 551>

jshell> list.remove(
$11                                      $4                                       
$7                                       $9                                       
AbstractCollection                       AbstractExecutorService                  
AbstractList                             AbstractMap                              
AbstractMethodError                      AbstractPreferences                      
AbstractQueue                            AbstractSequentialList                   
AbstractSet                              AccessDeniedException                    
AccessMode                               Appendable                               
ArithmeticException                      ArrayBlockingQueue                       
ArrayDeque                               ArrayIndexOutOfBoundsException           
ArrayList                                ArrayStoreException                      
Arrays                                   AssertionError    
AtomicMoveNotSupportedException          Authenticator                            
AutoCloseable                            BackingStoreException                    
Base64                                   BaseStream                               
BiConsumer                               BiFunction                               
BiPredicate                              BigDecimal                               
BigInteger                               BinaryOperator                           
BindException                            BitSet                                   
BlockingDeque                            BlockingQueue                            
Boolean                                  BooleanSupplier                          
BootstrapMethodError                     BrokenBarrierException                   
BufferedInputStream                      BufferedOutputStream                     
BufferedReader                           BufferedWriter                           
Builder                                  Byte                                     
ByteArrayInputStream                     ByteArrayOutputStream     
CacheRequest                             CacheResponse                            
Calendar                                 Callable                                 
CancellationException                    CharArrayReader                          
CharArrayWriter                          CharConversionException                  
CharSequence                             Character                                
Class                                    ClassCastException                       
ClassCircularityError                    ClassFormatError                         
ClassLoader                              ClassNotFoundException                   
ClassValue                               CloneNotSupportedException               
Cloneable                                Closeable                                
ClosedDirectoryStreamException           ClosedFileSystemException                
ClosedWatchServiceException              Collection      
Collections                              Collector                                
Collectors                               Comparable                               
Comparator                               Compiler                                 
CompletableFuture                        CompletionException                      
CompletionService                        CompletionStage                          
ConcurrentHashMap                        ConcurrentLinkedDeque                    
ConcurrentLinkedQueue                    ConcurrentMap                            
ConcurrentModificationException          ConcurrentNavigableMap                   
ConcurrentSkipListMap                    ConcurrentSkipListSet                    
ConnectException                         Console                                  
Consumer                                 ContentHandler                           
ContentHandlerFactory                    CookieHandler                            
CookieManager                            CookiePolicy      
CookieStore                              CopyOnWriteArrayList                     
CopyOnWriteArraySet                      CopyOption                               
CountDownLatch                           CountedCompleter                         
Currency                                 CyclicBarrier                            
DataInput                                DataInputStream                          
DataOutput                               DataOutputStream                         
DatagramPacket                           DatagramSocket                           
DatagramSocketImpl                       DatagramSocketImplFactory                
Date                                     DelayQueue              
Delayed                                  Deprecated                               
Deque                                    Dictionary                               
DirectoryIteratorException               DirectoryNotEmptyException               
DirectoryStream                          Double                                   
DoubleBinaryOperator                     DoubleConsumer                           
DoubleFunction                           DoublePredicate                          
DoubleStream                             DoubleSummaryStatistics                  
DoubleSupplier                           DoubleToIntFunction                      
DoubleToLongFunction                     DoubleUnaryOperator                      
DuplicateFormatFlagsException            EOFException      
EmptyStackException                      Enum                                     
EnumConstantNotPresentException          EnumMap                                  
EnumSet                                  Enumeration                              
Error                                    EventListener                            
EventListenerProxy                       EventObject                              
Exception                                ExceptionInInitializerError              
Exchanger                                ExecutionException                       
Executor                                 ExecutorCompletionService                
ExecutorService                          Executors                                
Externalizable                           File        
FileAlreadyExistsException               FileDescriptor                           
FileFilter                               FileInputStream                          
FileNameMap                              FileNotFoundException                    
FileOutputStream                         FilePermission                           
FileReader                               FileStore                                
FileSystem                               FileSystemAlreadyExistsException         
FileSystemException                      FileSystemLoopException                  
FileSystemNotFoundException              FileSystems                              
FileVisitOption                          FileVisitResult                          
FileVisitor                              FileWriter                               
FilenameFilter                           Files      
FilterInputStream                        FilterOutputStream                       
FilterReader                             FilterWriter                             
Float                                    Flow                                     
Flushable                                ForkJoinPool                             
ForkJoinTask                             ForkJoinWorkerThread                     
FormatFlagsConversionMismatchException   Formattable                              
FormattableFlags                         Formatter                                
FormatterClosedException                 Function                                 
FunctionalInterface                      Future                                   
FutureTask                               GregorianCalendar                        
HashMap                                  HashSet                                  
Hashtable                                HttpCookie           
HttpRetryException                       HttpURLConnection                        
IDN                                      IOError                                  
IOException                              IdentityHashMap                          
IllegalAccessError                       IllegalAccessException                   
IllegalArgumentException                 IllegalCallerException                   
IllegalFormatCodePointException          IllegalFormatConversionException         
IllegalFormatException                   IllegalFormatFlagsException              
IllegalFormatPrecisionException          IllegalFormatWidthException              
IllegalMonitorStateException             IllegalStateException                    
IllegalThreadStateException              IllformedLocaleException                 
IncompatibleClassChangeError             IndexOutOfBoundsException                
Inet4Address                             Inet6Address      
InetAddress                              InetSocketAddress                        
InheritableThreadLocal                   InputMismatchException                   
InputStream                              InputStreamReader                        
InstantiationError                       InstantiationException                   
IntBinaryOperator                        IntConsumer                              
IntFunction                              IntPredicate                             
IntStream                                IntSummaryStatistics                     
IntSupplier                              IntToDoubleFunction                      
IntToLongFunction                        IntUnaryOperator                         
Integer                                  InterfaceAddress                         
InternalError                            InterruptedException   
InterruptedIOException                   InvalidClassException                    
InvalidObjectException                   InvalidPathException                     
InvalidPreferencesFormatException        InvalidPropertiesFormatException         
IsoCountryCode                           Iterable                                 
Iterator                                 JarURLConnection                         
LayerInstantiationException              LineNumberInputStream                    
LineNumberReader                         LinkOption                               
LinkPermission                           LinkageError                             
LinkedBlockingDeque                      LinkedBlockingQueue                      
LinkedHashMap                            LinkedHashSet                            
LinkedList                               LinkedTransferQueue                      
List                                     ListIterator            
ListResourceBundle                       Locale                                   
Long                                     LongBinaryOperator                       
LongConsumer                             LongFunction                             
LongPredicate                            LongStream                               
LongSummaryStatistics                    LongSupplier                             
LongToDoubleFunction                     LongToIntFunction                        
LongUnaryOperator                        MalformedURLException                    
Map                                      MatchResult                              
Matcher                                  Math                                     
MathContext                              MissingFormatArgumentException           
MissingFormatWidthException              MissingResourceException                 
Module                                   ModuleLayer                              
MulticastSocket                          NavigableMap             
NavigableSet                             NegativeArraySizeException               
NetPermission                            NetworkInterface                         
NoClassDefFoundError                     NoRouteToHostException                   
NoSuchElementException                   NoSuchFieldError                         
NoSuchFieldException                     NoSuchFileException                      
NoSuchMethodError                        NoSuchMethodException                    
NodeChangeEvent                          NodeChangeListener                       
NotActiveException                       NotDirectoryException                    
NotLinkException                         NotSerializableException                 
NullPointerException                     Number                                   
NumberFormatException                    ObjDoubleConsumer                        
ObjIntConsumer                           ObjLongConsumer                          
Object                                   ObjectInput     
ObjectInputFilter                        ObjectInputStream                        
ObjectInputValidation                    ObjectOutput                             
ObjectOutputStream                       ObjectStreamClass                        
ObjectStreamConstants                    ObjectStreamException                    
ObjectStreamField                        Objects                                  
Observable                               Observer                                 
OpenOption                               Optional                                 
OptionalDataException                    OptionalDouble                           
OptionalInt                              OptionalLong                             
OutOfMemoryError                         OutputStream                             
OutputStreamWriter                       Override                                 
Package                                  PasswordAuthentication     
Path                                     PathMatcher                              
Paths                                    Pattern                                  
PatternSyntaxException                   Phaser                                   
PipedInputStream                         PipedOutputStream                        
PipedReader                              PipedWriter                              
PortUnreachableException                 Predicate                                
PreferenceChangeEvent                    PreferenceChangeListener                 
Preferences                              PreferencesFactory                       
PrimitiveIterator                        PrintStream                              
PrintWriter                              PriorityBlockingQueue                    
PriorityQueue                            Process                                  
ProcessBuilder                           ProcessHandle                            
Properties                               PropertyPermission                       
PropertyResourceBundle                   ProtocolException                        
ProtocolFamily                           ProviderMismatchException       
ProviderNotFoundException                Proxy                                    
ProxySelector                            PushbackInputStream                      
PushbackReader                           Queue                                    
Random                                   RandomAccess                             
RandomAccessFile                         ReadOnlyFileSystemException              
Readable                                 Reader                                   
RecursiveAction                          RecursiveTask                            
ReflectiveOperationException             RejectedExecutionException               
RejectedExecutionHandler                 ResourceBundle                           
ResponseCache                            RoundingMode                             
Runnable                                 RunnableFuture                           
RunnableScheduledFuture                  Runtime        
RuntimeException                         RuntimePermission                        
SafeVarargs                              Scanner                                  
ScheduledExecutorService                 ScheduledFuture                          
ScheduledThreadPoolExecutor              SecureCacheResponse                      
SecureDirectoryStream                    SecurityException                        
SecurityManager                          Semaphore                                
SequenceInputStream                      Serializable                             
SerializablePermission                   ServerSocket                             
ServiceConfigurationError                ServiceLoader                            
Set                                      Short                                    
SimpleFileVisitor                        SimpleTimeZone                           
Socket                                   SocketAddress                            
SocketException                          SocketImpl                               
SocketImplFactory                        SocketOption                             
SocketOptions                            SocketPermission    
SocketTimeoutException                   SortedMap                                
SortedSet                                Spliterator                              
Spliterators                             SplittableRandom                         
Stack                                    StackOverflowError                       
StackTraceElement                        StackWalker                              
StandardCopyOption                       StandardOpenOption                       
StandardProtocolFamily                   StandardSocketOptions                    
StandardWatchEventKinds                  Stream                                   
StreamCorruptedException                 StreamSupport                            
StreamTokenizer                          StrictMath                               
String                                   StringBuffer                             
StringBufferInputStream                  StringBuilder                            
StringIndexOutOfBoundsException          StringJoiner                             
StringReader                             StringTokenizer    
StringWriter                             Student                                  
SubmissionPublisher                      Supplier                                 
SuppressWarnings                         SyncFailedException                      
SynchronousQueue                         System                                   
Thread                                   ThreadDeath                              
ThreadFactory                            ThreadGroup                              
ThreadLocal                              ThreadLocalRandom                        
ThreadPoolExecutor                       Throwable                                
TimeUnit                                 TimeZone                                 
TimeoutException                         Timer                                    
TimerTask                                ToDoubleBiFunction   
ToDoubleFunction                         ToIntBiFunction                          
ToIntFunction                            ToLongBiFunction                         
ToLongFunction                           TooManyListenersException                
TransferQueue                            TreeMap                                  
TreeSet                                  TypeNotPresentException                  
URI                                      URISyntaxException                       
URL                                      URLClassLoader                           
URLConnection                            URLDecoder                               
URLEncoder                               URLPermission                            
URLStreamHandler                         URLStreamHandlerFactory                  
UTFDataFormatException                   UUID                                     
UnaryOperator                            UncheckedIOException                     
UnknownError                             UnknownFormatConversionException         
UnknownFormatFlagsException              UnknownHostException                     
UnknownServiceException                  UnsatisfiedLinkError                     
UnsupportedClassVersionError             UnsupportedEncodingException     
UnsupportedOperationException            Vector                                   
VerifyError                              Version                                  
VirtualMachineError                      Void                                     
WatchEvent                               WatchKey                                 
WatchService                             Watchable                                
WeakHashMap                              WriteAbortedException                    
Writer                                   apple                                    
boolean                                  byte                                     
char                                     com                                      
double                                   float                                    
int                                      java                                     
javafx                                   javax                                    
jdk                                      list                                     
long                                     netscape                                 
oracle                                   org                                      
short                                    sun                                      
void                                     


jshell> list.remove(
$11    $4     $7     $9     list   

Signatures:
boolean List<E extends Object>.remove(Object o)
E List<E extends Object>.remove(int index)

<press tab again to see documentation>

jshell> list.remove(Integer.valueOf(5))
$13 ==> true

jshell> list
list ==> [1, 2, 3, 4, 7, 5]

jshell> list.remove(Integer.valueOf(5))
$15 ==> true

jshell> list.remove(Integer.valueOf(5))
$16 ==> false

jshell> list
list ==> [1, 2, 3, 4, 7]

jshell> list.
add(               addAll(            clear()            contains(          
containsAll(       equals(            forEach(           get(               
getClass()         hashCode()         indexOf(           isEmpty()          
iterator()         lastIndexOf(       listIterator(      notify()           
notifyAll()        parallelStream()   remove(            removeAll(         
removeIf(          replaceAll(        retainAll(         set(               
size()             sort(              spliterator()      stream()           
subList(           toArray(           toString()         wait(              
jshell> list
list ==> [1, 2, 3, 4, 7]

jshell> for(Integer number:list) {
   ...>    if(number%2==0) 
   ...>        list.remove(number);
   ...> }
|  java.util.ConcurrentModificationException thrown: 
|        at ArrayList$Itr.checkForComodification (ArrayList.java:939)
|        at ArrayList$Itr.next (ArrayList.java:893)
|        at (#19:1)
jshell> Iterator iterator = list.iterator()
iterator()   

jshell> Iterator iterator = list.iterator();
iterator ==> java.util.ArrayList$Itr@7d0587f1

jshell> while(iterator.hasNext()) {
   ...>       Integer number = iterator.
hashCode()   

<press tab again to see all possible completions>
   ...>       Integer number = iterator.next();
   ...>       if(number%2==0)
   ...>           iterator.remove()
remove()   
   ...>           iterator.remove();
   ...> }
   |  Error:
|  incompatible types: java.lang.Object cannot be converted to java.lang.Integer
|        Integer number = iterator.next();
|                         ^-------------^

jshell> Iterator<Integer> iterator = list.iterator();
iterator ==> java.util.ArrayList$Itr@5d76b067

jshell> while(iterator.hasNext()) {
   ...>       Integer number = iterator.next();
   ...>       if(number%2==0)
   ...>           iterator.remove();
   ...> }
   jshell> iterator.hasNext()
$23 ==> false

jshell> list
list ==> [1, 3, 7]

jshell> List list = IntStream.range(1,100)
|  Error:
|  incompatible types: java.util.stream.IntStream cannot be converted to java.util.List
|  List list = IntStream.range(1,100);
|              ^--------------------^

jshell> List list = IntStream.range(
   allMatch(             anyMatch(             asDoubleStream()      
asLongStream()        average()             boxed()               
close()               collect(              count()               
distinct()            dropWhile(            equals(               
filter(               findAny()             findFirst()           
flatMap(              forEach(              forEachOrdered(       
getClass()            hashCode()            isParallel()          
iterator()            limit(                map(                  
mapToDouble(          mapToLong(            mapToObj(             
max()                 min()                 noneMatch(            
notify()              notifyAll()           onClose(              
parallel()            peek(                 reduce(               
sequential()          skip(                 sorted()              
spliterator()         sum()                 summaryStatistics()   
takeWhile(            toArray()             toString()            
unordered()           wait(                

   jshell> List list = IntStream.range(1,100).asLongStream().
allMatch(             anyMatch(             asDoubleStream()      
average()             boxed()               close()               
collect(              count()               distinct()            
dropWhile(            equals(               filter(               
findAny()             findFirst()           flatMap(              
forEach(              forEachOrdered(       getClass()            
hashCode()            isParallel()          iterator()            
limit(                map(                  mapToDouble(          
mapToInt(             mapToObj(             max()                 
min()                 noneMatch(            notify()              
notifyAll()           onClose(              parallel()            
peek(                 reduce(               sequential()          
skip(                 sorted()              spliterator()         
sum()                 summaryStatistics()   takeWhile(            
toArray()             toString()            unordered()           
wait(                  


   jshell> List list = IntStream.range(1,100).boxed()
jshell> List list = IntStream.range(1,100).boxed().collect(Collectors.toList())
list ==> [1, 2, 3, 4, 5, 6, 7, 8, 9, 10, 11, 12, 13, 14, 1 ... 3, 94, 95, 96, 97, 98, 99]

jshell> List<Integer> list = new ArrayList<>(list);
list ==> [1, 2, 3, 4, 5, 6, 7, 8, 9, 10, 11, 12, 13, 14, 1 ... 3, 94, 95, 96, 97, 98, 99]

jshell> list.remove(1)
$27 ==> 2

jshell> list.remove(Integer.valueOf(1))
$28 ==> true

jshell> list
list ==> [3, 4, 5, 6, 7, 8, 9, 10, 11, 12, 13, 14, 15, 16, 17, 18, 19, 20, 21, 22, 23, 24, 25, 26, 27, 28, 29, 30, 31, 32, 33, 34, 35, 36, 37, 38, 39, 40, 41, 42, 43, 44, 45, 46, 47, 48, 49, 50, 51, 52, 53, 54, 55, 56, 57, 58, 59, 60, 61, 62, 63, 64, 65, 66, 67, 68, 69, 70, 71, 72, 73, 74, 75, 76, 77, 78, 79, 80, 81, 82, 83, 84, 85, 86, 87, 88, 89, 90, 91, 92, 93, 94, 95, 96, 97, 98, 99]

jshell> List<Integer> list = new ArrayList<>(list);
list ==> [3, 4, 5, 6, 7, 8, 9, 10, 11, 12, 13, 14, 15, 16, ... 3, 94, 95, 96, 97, 98, 99]

jshell> List list = IntStream.range(1,100).boxed().collect(Collectors.toList())
list ==> [1, 2, 3, 4, 5, 6, 7, 8, 9, 10, 11, 12, 13, 14, 1 ... 3, 94, 95, 96, 97, 98, 99]

jshell> List<Integer> list = new TreeSet<>(list);
|  Error:
|  incompatible types: cannot infer type arguments for java.util.TreeSet<>
|      reason: no instance(s) of type variable(s) E exist so that java.util.TreeSet<E> conforms to java.util.List<java.lang.Integer>
|  List<Integer> list = new TreeSet<>(list);
|                           ^-------^


shell> Set<Integer> set = new TreeSet<>(list);
|  Error:
|  cannot find symbol
|    symbol:   variable list
|  Set<Integer> set = new TreeSet<>(list);
|                                   ^--^

jshell> list
|  Error:
|  cannot find symbol
|    symbol:   variable list
|  list
|  ^--^

jshell> List list = IntStream.range(1,100).boxed().collect(Collectors.toList())
list ==> [1, 2, 3, 4, 5, 6, 7, 8, 9, 10, 11, 12, 13, 14, 1 ... 3, 94, 95, 96, 97, 98, 99]

jshell> Set<Integer> set = new TreeSet<>(list);
|  Warning:
|  unchecked method invocation: constructor <init> in class java.util.TreeSet is applied to given types
|    required: java.util.Collection<? extends E>
|    found: java.util.List
|  Set<Integer> set = new TreeSet<>(list);
|                     ^-----------------^
|  Warning:
|  unchecked conversion
|    required: java.util.Collection<? extends E>
|    found:    java.util.List
|  Set<Integer> set = new TreeSet<>(list);
|                                   ^--^
|  Warning:
|  unchecked conversion
|    required: java.util.Set<java.lang.Integer>
|    found:    java.util.TreeSet
|  Set<Integer> set = new TreeSet<>(list);
|                     ^-----------------^
set ==> [1, 2, 3, 4, 5, 6, 7, 8, 9, 10, 11, 12, 13, 14, 1 ... 3, 94, 95, 96, 97, 98, 99]
jshell> List list = IntStream.range(1,100).boxed().collect(Collectors.toList())
list ==> [1, 2, 3, 4, 5, 6, 7, 8, 9, 10, 11, 12, 13, 14, 1 ... 3, 94, 95, 96, 97, 98, 99]

jshell> List<Integer> arraylist = new ArrayList<>(list);
|  Warning:
|  unchecked method invocation: constructor <init> in class java.util.ArrayList is applied to given types
|    required: java.util.Collection<? extends E>
|    found: java.util.List
|  List<Integer> arraylist = new ArrayList<>(list);
|                            ^-------------------^
|  Warning:
|  unchecked conversion
|    required: java.util.Collection<? extends E>
|    found:    java.util.List
|  List<Integer> arraylist = new ArrayList<>(list);
|                                            ^--^
|  Warning:
|  unchecked conversion
|    required: java.util.List<java.lang.Integer>
|    found:    java.util.ArrayList
|  List<Integer> arraylist = new ArrayList<>(list);
|                            ^-------------------^
arraylist ==> [1, 2, 3, 4, 5, 6, 7, 8, 9, 10, 11, 12, 13, 14, 1 ... 3, 94, 95, 96, 97, 98, 99]

jshell> list.add(1)
|  Warning:
|  unchecked call to add(E) as a member of the raw type java.util.List
|  list.add(1)
|  ^---------^
$36 ==> true

jshell> list.add(2)
|  Warning:
|  unchecked call to add(E) as a member of the raw type java.util.List
|  list.add(2)
|  ^---------^
$37 ==> true

jshell> list
list ==> [1, 2, 3, 4, 5, 6, 7, 8, 9, 10, 11, 12, 13, 14, 15, 16, 17, 18, 19, 20, 21, 22, 23, 24, 25, 26, 27, 28, 29, 30, 31, 32, 33, 34, 35, 36, 37, 38, 39, 40, 41, 42, 43, 44, 45, 46, 47, 48, 49, 50, 51, 52, 53, 54, 55, 56, 57, 58, 59, 60, 61, 62, 63, 64, 65, 66, 67, 68, 69, 70, 71, 72, 73, 74, 75, 76, 77, 78, 79, 80, 81, 82, 83, 84, 85, 86, 87, 88, 89, 90, 91, 92, 93, 94, 95, 96, 97, 98, 99, 1, 2]

jshell> Set<Integer> set = new TreeSet<>(list);
|  Warning:
|  unchecked method invocation: constructor <init> in class java.util.TreeSet is applied to given types
|    required: java.util.Collection<? extends E>
|    found: java.util.List
|  Set<Integer> set = new TreeSet<>(list);
|                     ^-----------------^
|  Warning:
|  unchecked conversion
|    required: java.util.Collection<? extends E>
|    found:    java.util.List
|  Set<Integer> set = new TreeSet<>(list);
|                                   ^--^
|  Warning:
|  unchecked conversion
|    required: java.util.Set<java.lang.Integer>
|    found:    java.util.TreeSet
|  Set<Integer> set = new TreeSet<>(list);
|                     ^-----------------^
set ==> [1, 2, 3, 4, 5, 6, 7, 8, 9, 10, 11, 12, 13, 14, 1 ... 3, 94, 95, 96, 97, 98, 99]

jshell> clear()
|  Error:
|  cannot find symbol
|    symbol:   method clear()
|  clear()
|  ^---^

jshell> public void p(String str) { System.out.println(str);}
|  created method p(String)

jshell> p("Why do we need collections?")
Why do we need collections?


jshell> p("Arrays are not dynamic. Once an array of a particular size is declared, the size cannot be modified. To add a new element to the array, a new array has to be created with bigger size and all the elements from the old array copied to new array."
   ...> ;
   ...> )
|  Error:
|  ')' expected
|  p("Arrays are not dynamic. Once an array of a particular size is declared, the size cannot be modified. To add a new element to the array, a new array has to be created with bigger size and all the elements from the old array copied to new array."
|                                                                                                                                                                                                                                                         ^

jshell> p("Arrays are not dynamic. Once an array of a particular size is declared, the size cannot be modified. To add a new element to the array, a new array has to be created with bigger size and all the elements from the old array copied to new array.");
Arrays are not dynamic. Once an array of a particular size is declared, the size cannot be modified. To add a new element to the array, a new array has to be created with bigger size and all the elements from the old array copied to new array.

jshell> p("Collections are used in situations where data is dynamic. Collections allow adding an element, deleting an element and host of other operations. There are a number of Collections in Java allowing to choose the right Collection for the right context.");
Collections are used in situations where data is dynamic. Collections allow adding an element, deleting an element and host of other operations. There are a number of Collections in Java allowing to choose the right Collection for the right context.

jshell> p("Types of Collections - List, Set, Map and Queue")
Types of Collections - List, Set, Map and Queue

jshell> p("Lets start with list - list is an interface");
Lets start with list - list is an interface

jshell> List list = List.of(1,2,3,4,5,6,7,8,9,10);
list ==> [1, 2, 3, 4, 5, 6, 7, 8, 9, 10]

jshell> p("This is Java 9 new feature to create a list");
This is Java 9 new feature to create a list

jshell> p("Get details from a list");
Get details from a list

jshell> list.size()
$49 ==> 10

jshell> list.isEmpty()
$50 ==> false

jshell> list.get(0)
$51 ==> 1

jshell> list.indexOf(6)
$52 ==> 5

jshell> list.lastIndexOf(6)
$53 ==> 5

jshell> p("By default List.of provides immutable list");
By default List.of provides immutable list

jshell> list.add(5)
|  Warning:
|  unchecked call to add(E) as a member of the raw type java.util.List
|  list.add(5)
|  ^---------^
|  java.lang.UnsupportedOperationException thrown: 
|        at ImmutableCollections.uoe (ImmutableCollections.java:71)
|        at ImmutableCollections$AbstractImmutableList.add (ImmutableCollections.java:77)
|        at (#55:1)

jshell> List arrayList = new ArrayList(list);
|  Warning:
|  unchecked call to ArrayList(java.util.Collection<? extends E>) as a member of the raw type java.util.ArrayList
|  List arrayList = new ArrayList(list);
|                   ^-----------------^
arrayList ==> [1, 2, 3, 4, 5, 6, 7, 8, 9, 10]


jshell> List<Integer> arrayList = new ArrayList<>(list);
|  Warning:
|  unchecked method invocation: constructor <init> in class java.util.ArrayList is applied to given types
|    required: java.util.Collection<? extends E>
|    found: java.util.List
|  List<Integer> arrayList = new ArrayList<>(list);
|                            ^-------------------^
|  Warning:
|  unchecked conversion
|    required: java.util.Collection<? extends E>
|    found:    java.util.List
|  List<Integer> arrayList = new ArrayList<>(list);
|                                            ^--^
|  Warning:
|  unchecked conversion
|    required: java.util.List<java.lang.Integer>
|    found:    java.util.ArrayList
|  List<Integer> arrayList = new ArrayList<>(list);
|                            ^-------------------^
arrayList ==> [1, 2, 3, 4, 5, 6, 7, 8, 9, 10]